// Jest Snapshot v1, https://goo.gl/fbAQLP

exports[`Cartesian renders all examples 1`] = `
<div>
  <a
    class="sc-kvZOFW oRYKK"
    font-size="1"
  >
    Hello, world!
  </a>
  <a
    class="sc-kvZOFW oRYKK"
    font-size="1"
  >
    Hello, world!
  </a>
  <a
    class="sc-kvZOFW oRYKK"
    font-size="1"
  >
    Hello, world!
  </a>
  <a
    class="sc-kvZOFW fBqLEr"
    font-size="1"
  >
    Hello, world!
  </a>
  <a
    class="sc-kvZOFW fBqLEr"
    font-size="1"
  >
    Hello, world!
  </a>
  <a
    class="sc-kvZOFW fBqLEr"
    font-size="1"
  >
    Hello, world!
  </a>
  <a
    class="sc-kvZOFW hDLVbT"
    font-size="2"
  >
    Hello, world!
  </a>
  <a
    class="sc-kvZOFW hDLVbT"
    font-size="2"
  >
    Hello, world!
  </a>
  <a
    class="sc-kvZOFW hDLVbT"
    font-size="2"
  >
    Hello, world!
  </a>
  <a
    class="sc-kvZOFW isfRCQ"
    font-size="2"
  >
    Hello, world!
  </a>
  <a
    class="sc-kvZOFW isfRCQ"
    font-size="2"
  >
    Hello, world!
  </a>
  <a
    class="sc-kvZOFW isfRCQ"
    font-size="2"
  >
    Hello, world!
  </a>
  <a
    class="sc-kvZOFW dqCqkj"
    font-size="3"
  >
    Hello, world!
  </a>
  <a
    class="sc-kvZOFW dqCqkj"
    font-size="3"
  >
    Hello, world!
  </a>
  <a
    class="sc-kvZOFW dqCqkj"
    font-size="3"
  >
    Hello, world!
  </a>
  <a
    class="sc-kvZOFW ergpZW"
    font-size="3"
  >
    Hello, world!
  </a>
  <a
    class="sc-kvZOFW ergpZW"
    font-size="3"
  >
    Hello, world!
  </a>
  <a
    class="sc-kvZOFW ergpZW"
    font-size="3"
  >
    Hello, world!
  </a>
</div>
`;
