// Jest Snapshot v1, https://goo.gl/fbAQLP

exports[`Colorable returns all possible colors 1`] = `
<div>
  <div>
    <a
      class="sc-kvZOFW bwZiSI"
      color="#000000"
    >
      Beep
    </a>
    <a
      class="sc-kvZOFW pPyU"
      color="#000000"
    >
      Beep
    </a>
    <a
      class="sc-kvZOFW fvpxxV"
      color="#000000"
    >
      Beep
    </a>
    <a
      class="sc-kvZOFW fjCzSY"
      color="#000000"
    >
      Beep
    </a>
  </div>
  <div>
    <a
      class="sc-kvZOFW eONjYv"
      color="#FFFFFF"
    >
      Beep
    </a>
    <a
      class="sc-kvZOFW kANiRx"
      color="#FFFFFF"
    >
      Beep
    </a>
    <a
      class="sc-kvZOFW erwlKu"
      color="#FFFFFF"
    >
      Beep
    </a>
    <a
      class="sc-kvZOFW jcHaBT"
      color="#FFFFFF"
    >
      Beep
    </a>
  </div>
  <div>
    <a
      class="sc-kvZOFW bbssXk"
      color="#FFC0CB"
    >
      Beep
    </a>
    <a
      class="sc-kvZOFW gVXftv"
      color="#FFC0CB"
    >
      Beep
    </a>
    <a
      class="sc-kvZOFW OKKTU"
      color="#FFC0CB"
    >
      Beep
    </a>
    <a
      class="sc-kvZOFW btzLTD"
      color="#FFC0CB"
    >
      Beep
    </a>
  </div>
  <div>
    <a
      class="sc-kvZOFW ldlIqM"
      color="#FF6347"
    >
      Beep
    </a>
    <a
      class="sc-kvZOFW eqnvuv"
      color="#FF6347"
    >
      Beep
    </a>
    <a
      class="sc-kvZOFW fyEhur"
      color="#FF6347"
    >
      Beep
    </a>
    <a
      class="sc-kvZOFW cMubaH"
      color="#FF6347"
    >
      Beep
    </a>
  </div>
  <div>
    <a
      class="sc-kvZOFW gfHlQg"
      color="#800080"
    >
      Beep
    </a>
    <a
      class="sc-kvZOFW dReeji"
      color="#800080"
    >
      Beep
    </a>
    <a
      class="sc-kvZOFW bZLOud"
      color="#800080"
    >
      Beep
    </a>
    <a
      class="sc-kvZOFW hQEJgl"
      color="#800080"
    >
      Beep
    </a>
  </div>
</div>
`;
