// Jest Snapshot v1, https://goo.gl/fbAQLP

exports[`Color returns a color palette 1`] = `
<div>
  <div
    class="nano184oox6"
    flexwrap="wrap"
  >
    <div
      class="nano1u3ezdb"
      p="3"
      width="0.5,0.3333333333333333,0.2"
    >
      <div
        bg="red"
        class="nano1xaelp3"
        p="3,4,5"
      />
      <style>
        .nano1xaelp3{background-color:red}.nano1xaelp3{padding:16px}@media screen and (min-width: 40em){.nano1xaelp3{padding:32px}}@media screen and (min-width: 52em){.nano1xaelp3{padding:64px}}
      </style>
      <div
        class="nanodam2oa"
      >
        red
      </div>
      <div
        class="nano1w9c1kb"
        f="0"
      >
        red
      </div>
      <style>
        .nano1w9c1kb{font-size:12px}.nano1w9c1kb{font-family:monospace}
      </style>
    </div>
    <style>
      .nano1u3ezdb{padding:16px}.nano1u3ezdb{width:50%}@media screen and (min-width: 40em){.nano1u3ezdb{width:33.33333333333333%}}@media screen and (min-width: 52em){.nano1u3ezdb{width:20%}}
    </style>
    <div
      class="nano1u3ezdb"
      p="3"
      width="0.5,0.3333333333333333,0.2"
    >
      <div
        bg="#fafafa"
        class="nano196y4lx"
        p="3,4,5"
      />
      <style>
        .nano196y4lx{background-color:#fafafa}.nano196y4lx{padding:16px}@media screen and (min-width: 40em){.nano196y4lx{padding:32px}}@media screen and (min-width: 52em){.nano196y4lx{padding:64px}}
      </style>
      <div
        class="nanodam2oa"
      >
        gray.light.0
      </div>
      <div
        class="nano1w9c1kb"
        f="0"
      >
        #fafafa
      </div>
      <style>
        .nano1w9c1kb{font-size:12px}.nano1w9c1kb{font-family:monospace}
      </style>
    </div>
    <style>
      .nano1u3ezdb{padding:16px}.nano1u3ezdb{width:50%}@media screen and (min-width: 40em){.nano1u3ezdb{width:33.33333333333333%}}@media screen and (min-width: 52em){.nano1u3ezdb{width:20%}}
    </style>
    <div
      class="nano1u3ezdb"
      p="3"
      width="0.5,0.3333333333333333,0.2"
    >
      <div
        bg="#f5f5f5"
        class="nano1s15u4n"
        p="3,4,5"
      />
      <style>
        .nano1s15u4n{background-color:#f5f5f5}.nano1s15u4n{padding:16px}@media screen and (min-width: 40em){.nano1s15u4n{padding:32px}}@media screen and (min-width: 52em){.nano1s15u4n{padding:64px}}
      </style>
      <div
        class="nanodam2oa"
      >
        gray.light.1
      </div>
      <div
        class="nano1w9c1kb"
        f="0"
      >
        #f5f5f5
      </div>
      <style>
        .nano1w9c1kb{font-size:12px}.nano1w9c1kb{font-family:monospace}
      </style>
    </div>
    <style>
      .nano1u3ezdb{padding:16px}.nano1u3ezdb{width:50%}@media screen and (min-width: 40em){.nano1u3ezdb{width:33.33333333333333%}}@media screen and (min-width: 52em){.nano1u3ezdb{width:20%}}
    </style>
    <div
      class="nano1u3ezdb"
      p="3"
      width="0.5,0.3333333333333333,0.2"
    >
      <div
        bg="#555"
        class="nano1t3dqvu"
        p="3,4,5"
      />
      <style>
        .nano1t3dqvu{background-color:#555}.nano1t3dqvu{padding:16px}@media screen and (min-width: 40em){.nano1t3dqvu{padding:32px}}@media screen and (min-width: 52em){.nano1t3dqvu{padding:64px}}
      </style>
      <div
        class="nanodam2oa"
      >
        gray.dark.0
      </div>
      <div
        class="nano1w9c1kb"
        f="0"
      >
        #555
      </div>
      <style>
        .nano1w9c1kb{font-size:12px}.nano1w9c1kb{font-family:monospace}
      </style>
    </div>
    <style>
      .nano1u3ezdb{padding:16px}.nano1u3ezdb{width:50%}@media screen and (min-width: 40em){.nano1u3ezdb{width:33.33333333333333%}}@media screen and (min-width: 52em){.nano1u3ezdb{width:20%}}
    </style>
    <div
      class="nano1u3ezdb"
      p="3"
      width="0.5,0.3333333333333333,0.2"
    >
      <div
        bg="#111"
        class="nano10zut2"
        p="3,4,5"
      />
      <style>
        .nano10zut2{background-color:#111}.nano10zut2{padding:16px}@media screen and (min-width: 40em){.nano10zut2{padding:32px}}@media screen and (min-width: 52em){.nano10zut2{padding:64px}}
      </style>
      <div
        class="nanodam2oa"
      >
        gray.dark.1
      </div>
      <div
        class="nano1w9c1kb"
        f="0"
      >
        #111
      </div>
      <style>
        .nano1w9c1kb{font-size:12px}.nano1w9c1kb{font-family:monospace}
      </style>
    </div>
    <style>
      .nano1u3ezdb{padding:16px}.nano1u3ezdb{width:50%}@media screen and (min-width: 40em){.nano1u3ezdb{width:33.33333333333333%}}@media screen and (min-width: 52em){.nano1u3ezdb{width:20%}}
    </style>
    <div
      class="nano1u3ezdb"
      p="3"
      width="0.5,0.3333333333333333,0.2"
    >
      <div
        bg="black"
        class="nano14dth52"
        p="3,4,5"
      />
      <style>
        .nano14dth52{background-color:black}.nano14dth52{padding:16px}@media screen and (min-width: 40em){.nano14dth52{padding:32px}}@media screen and (min-width: 52em){.nano14dth52{padding:64px}}
      </style>
      <div
        class="nanodam2oa"
      >
        brand.black
      </div>
      <div
        class="nano1w9c1kb"
        f="0"
      >
        black
      </div>
      <style>
        .nano1w9c1kb{font-size:12px}.nano1w9c1kb{font-family:monospace}
      </style>
    </div>
    <style>
      .nano1u3ezdb{padding:16px}.nano1u3ezdb{width:50%}@media screen and (min-width: 40em){.nano1u3ezdb{width:33.33333333333333%}}@media screen and (min-width: 52em){.nano1u3ezdb{width:20%}}
    </style>
    <div
      class="nano1u3ezdb"
      p="3"
      width="0.5,0.3333333333333333,0.2"
    >
      <div
        bg="white"
        class="nano12ssf5h"
        p="3,4,5"
      />
      <style>
        .nano12ssf5h{background-color:white}.nano12ssf5h{padding:16px}@media screen and (min-width: 40em){.nano12ssf5h{padding:32px}}@media screen and (min-width: 52em){.nano12ssf5h{padding:64px}}
      </style>
      <div
        class="nanodam2oa"
      >
        brand.white
      </div>
      <div
        class="nano1w9c1kb"
        f="0"
      >
        white
      </div>
      <style>
        .nano1w9c1kb{font-size:12px}.nano1w9c1kb{font-family:monospace}
      </style>
    </div>
    <style>
      .nano1u3ezdb{padding:16px}.nano1u3ezdb{width:50%}@media screen and (min-width: 40em){.nano1u3ezdb{width:33.33333333333333%}}@media screen and (min-width: 52em){.nano1u3ezdb{width:20%}}
    </style>
    <div
      class="nano1u3ezdb"
      p="3"
      width="0.5,0.3333333333333333,0.2"
    >
      <div
        bg="tomato"
        class="nano1vlwojg"
        p="3,4,5"
      />
      <style>
        .nano1vlwojg{background-color:tomato}.nano1vlwojg{padding:16px}@media screen and (min-width: 40em){.nano1vlwojg{padding:32px}}@media screen and (min-width: 52em){.nano1vlwojg{padding:64px}}
      </style>
      <div
        class="nanodam2oa"
      >
        brand.tomato
      </div>
      <div
        class="nano1w9c1kb"
        f="0"
      >
        tomato
      </div>
      <style>
        .nano1w9c1kb{font-size:12px}.nano1w9c1kb{font-family:monospace}
      </style>
    </div>
    <style>
      .nano1u3ezdb{padding:16px}.nano1u3ezdb{width:50%}@media screen and (min-width: 40em){.nano1u3ezdb{width:33.33333333333333%}}@media screen and (min-width: 52em){.nano1u3ezdb{width:20%}}
    </style>
  </div>
  <style>
    .nano184oox6{display:flex}.nano184oox6{flex-wrap:wrap}
  </style>
</div>
`;
